--------------------------------------------------------------------------------
[Jan 30, 2026 3:37:41.2 PM GMT:ERROR:creative_new_tab_page_ads_util.cc(159)] Successfully saved creative new tab page ads
[Jan 30, 2026 3:37:41.2 PM GMT:ERROR:creative_new_tab_page_ads_util.cc(144)] Successfully saved creative set conversions
--------------------------------------------------------------------------------
[Jan 30, 2026 3:43:32.2 PM GMT:ERROR:creative_new_tab_page_ads_util.cc(159)] Successfully saved creative new tab page ads
[Jan 30, 2026 3:43:32.2 PM GMT:ERROR:creative_new_tab_page_ads_util.cc(144)] Successfully saved creative set conversions
--------------------------------------------------------------------------------
[Jan 30, 2026 4:13:46.2 PM GMT:ERROR:creative_new_tab_page_ads_util.cc(159)] Successfully saved creative new tab page ads
[Jan 30, 2026 4:13:46.2 PM GMT:ERROR:creative_new_tab_page_ads_util.cc(144)] Successfully saved creative set conversions
--------------------------------------------------------------------------------
[Jan 31, 2026 6:07:10.3 AM GMT:ERROR:creative_new_tab_page_ads_util.cc(159)] Successfully saved creative new tab page ads
[Jan 31, 2026 6:07:10.3 AM GMT:ERROR:creative_new_tab_page_ads_util.cc(144)] Successfully saved creative set conversions
[Jan 31, 2026 6:07:15.4 AM GMT:ERROR:creative_new_tab_page_ads_util.cc(159)] Successfully saved creative new tab page ads
[Jan 31, 2026 6:07:15.4 AM GMT:ERROR:creative_new_tab_page_ads_util.cc(144)] Successfully saved creative set conversions
--------------------------------------------------------------------------------
[Jan 31, 2026 6:24:18.7 AM GMT:ERROR:creative_new_tab_page_ads_util.cc(159)] Successfully saved creative new tab page ads
[Jan 31, 2026 6:24:18.7 AM GMT:ERROR:creative_new_tab_page_ads_util.cc(144)] Successfully saved creative set conversions
--------------------------------------------------------------------------------
[Jan 31, 2026 7:32:05.7 AM GMT:ERROR:creative_new_tab_page_ads_util.cc(159)] Successfully saved creative new tab page ads
[Jan 31, 2026 7:32:05.7 AM GMT:ERROR:creative_new_tab_page_ads_util.cc(144)] Successfully saved creative set conversions
